// Jest Snapshot v1, https://goo.gl/fbAQLP

exports[`Header should render without throwing an error 1`] = `
<header
  className="pet-details-header"
>
  <h2
    className="header-text"
  >
    Pet Directory
  </h2>
</header>
`;
